[bairesrp.net/index.html]
[backblue.gif]
[fade.gif]
[index.html]
[bairesrp.net/landing/assets/plugins/global/plugins.bundle.css]
[bairesrp.net/landing/assets/css/style.bundle.css]
[cdnjs.cloudflare.com/ajax/libs/magnific-popup.js/1.1.0/magnific-popup.css]
[bairesrp.net/pcu/assets/media/icon.png]
[bairesrp.net/cdn-cgi/challenge-platform/h/b/scripts/invisible5c17.js]
[fivem.net/5acaf3ca7e527ae76bc22212bbe7532f.png]
[bairesrp.net/pcu/assets/media/logotest.png]
[bairesrp.net/pcu/assets/media/logotest-dark.png]
[bairesrp.net/pcu/rules.html]
[bairesrp.net/pcu/login.html]
[bairesrp.net/cdn-cgi/l/email-protection.html]
[bairesrp.net/landing/assets/media/illustrations/sigma-1/11.png]
[bairesrp.net/landing/assets/media/illustrations/sigma-1/8.png]
[bairesrp.net/landing/assets/media/illustrations/sigma-1/17.png]
[media.discordapp.net/attachments/821571730048679966/911150070978732032/20211119035716_11d60.png]
[media.discordapp.net/attachments/821571730048679966/911701800669839420/unknownbfdb.png]
[media.discordapp.net/attachments/821571730048679966/911348704802373702/unknown5e99.png]
[media.discordapp.net/attachments/821571730048679966/911436895987302440/unknown1d60.png]
[bairesrp.net/pcu/assets/media/svg/misc/octagon.svg]
[bairesrp.net/pcu/assets/media/garcia.jpg]
[bairesrp.net/landing/assets/media/svg/brand-logos/github.svg]
[bairesrp.net/landing/assets/media/svg/brand-logos/twitter.svg]
[bairesrp.net/landing/assets/media/svg/brand-logos/instagram-2-1.svg]
[bairesrp.net/pcu/assets/media/mindiw.jpg]
[bairesrp.net/pcu/assets/media/grz.jpg]
[bairesrp.net/landing/assets/media/svg/brand-logos/youtube-play.svg]
[bairesrp.net/landing/assets/media/svg/brand-logos/Discord-Logo-White.svg]
[bairesrp.net/cdn-cgi/scripts/5c5dd728/cloudflare-static/email-decode.min.js]
[bairesrp.net/landing/assets/js/scripts.bundle.js]
[bairesrp.net/landing/assets/plugins/global/plugins.bundle.js]
[bairesrp.net/landing/assets/plugins/custom/fslightbox/fslightbox.bundle.js]
[bairesrp.net/landing/assets/plugins/custom/typedjs/typedjs.bundle.js]
[bairesrp.net/landing/assets/js/custom/landing.js]
[bairesrp.net/landing/assets/js/custom/custom.js]
[code.jquery.com/jquery-1.12.1.min.js]
[cdnjs.cloudflare.com/ajax/libs/magnific-popup.js/1.1.0/jquery.magnific-popup.js]
[bairesrp.net/index.html]
[bairesrp.net/landing/assets/plugins/global/plugins.bundle.css]
[bairesrp.net/landing/assets/css/style.bundle.css]
[cdnjs.cloudflare.com/ajax/libs/magnific-popup.js/1.1.0/magnific-popup.css]
[bairesrp.net/cdn-cgi/scripts/7d0fa10a/cloudflare-static/rocket-loader.min.js]
[bairesrp.net/pcu/store/index.html]
[bairesrp.net/pcu/assets/plugins/custom/fullcalendar/fullcalendar.bundle.css]
[bairesrp.net/pcu/assets/plugins/global/plugins.bundle.css]
[bairesrp.net/pcu/assets/plugins/custom/prismjs/prismjs.bundle.css]
[bairesrp.net/pcu/assets/css/style.bundle.css]
[bairesrp.net/meta.png]
[bairesrp.net/pcu/assets/media/backgrounds/back-3.png]
[bairesrp.net/pcu/support]
[bairesrp.net/pcu/assets/css/footer.css]
[bairesrp.net/landing/assets/media/svg/brand-logos/youtube-3.svg]
[bairesrp.net/landing/assets/media/svg/brand-logos/twitch.svg]
[bairesrp.net/pcu/assets/plugins/global/plugins.bundle.js]
[bairesrp.net/pcu/assets/plugins/custom/prismjs/prismjs.bundle.js]
[bairesrp.net/pcu/assets/js/scripts.bundle.js]
[bairesrp.net/pcu/rules.html]
[bairesrp.net/pcu/assets/js/pages/widgets.js]
[bairesrp.net/pcu/assets/css/pages/login/login-1.css]
[bairesrp.net/pcu/login.html]
[bairesrp.net/cdn-cgi/l/email-protection.html]
[bairesrp.net/pcu/assets/media/svg/misc/octagon.html]
[bairesrp.net/landing/assets/media/svg/brand-logos/github.svg]
[bairesrp.net/landing/assets/media/svg/brand-logos/twitter.svg]
[bairesrp.net/landing/assets/media/svg/brand-logos/instagram-2-1.svg]
[bairesrp.net/pcu/index.html]
[bairesrp.net/intranet/index.html]
[bairesrp.net/landing/assets/media/svg/brand-logos/youtube-play.svg]
[bairesrp.net/landing/assets/media/svg/brand-logos/Discord-Logo-White.svg]
[bairesrp.net/pcu/assets/plugins/custom/fullcalendar/fullcalendar.bundle.css]
[bairesrp.net/pcu/assets/plugins/global/fonts/keenthemes-icons/Ki.eot]
[bairesrp.net/pcu/assets/plugins/global/fonts/keenthemes-icons/Kid41d.eot]
[bairesrp.net/pcu/assets/plugins/global/fonts/keenthemes-icons/Ki.woff]
[bairesrp.net/pcu/assets/plugins/global/fonts/keenthemes-icons/Ki.ttf]
[bairesrp.net/pcu/assets/plugins/global/fonts/keenthemes-icons/Ki.svg]
[bairesrp.net/pcu/assets/plugins/global/fonts/summernote/summernote.eot]
[bairesrp.net/pcu/assets/plugins/global/fonts/summernote/summernoted41d.eot]
[bairesrp.net/pcu/assets/plugins/global/fonts/summernote/summernote.woff2]
[bairesrp.net/pcu/assets/plugins/global/fonts/summernote/summernote.woff]
[bairesrp.net/pcu/assets/plugins/global/fonts/summernote/summernote.ttf]
[bairesrp.net/pcu/assets/plugins/global/plugins.bundle.css]
[bairesrp.net/pcu/assets/plugins/custom/prismjs/prismjs.bundle.css]
[bairesrp.net/pcu/assets/css/style.bundle.css]
[bairesrp.net/meta.html]
[bairesrp.net/pcu/support.html]
[bairesrp.net/pcu/assets/css/footer.css]
[bairesrp.net/landing/assets/media/svg/brand-logos/youtube-3.svg]
[bairesrp.net/landing/assets/media/svg/brand-logos/twitch.svg]
[bairesrp.net/pcu/assets/css/pages/login/login-1.css]
[bairesrp.net/pcu/assets/plugins/global/fonts/keenthemes-icons/Ki.svg]
